{
  "abc": "2'3\"4",
  "def": "567 =ghi=8'9\"a"
}
