{
  "collected": [
    "every1",
    "everyd11",
    "everyd21",
    "everyd22",
    "inline_none_data",
    "inline_some_data",
    "none1",
    "none_dempty",
    "none_empty",
    "noned11",
    "noned21",
    "some1",
    "somed11"
  ]
}
