{
  "c_keys": [
    "s",
    "f",
    "k"
  ],
  "c_keys_f": [
    "f1"
  ],
  "c_keys_s": [
    "s1"
  ],
  "fields": [
    "fullname",
    "dirs",
    "name"
  ],
  "inline_fields": [
    "foo",
    "bar"
  ],
  "inline_function": [
    "a",
    "c"
  ],
  "inline_numfields": [
    "0",
    "1",
    "2",
    "3"
  ],
  "user[dirs]": [
    "/home/zamboni",
    "/tmp/zamboni",
    "/export/home/zamboni"
  ],
  "user[fullname][first]": "Diego",
  "user[fullname][last]": "Zamboni",
  "user[name]": "zamboni",
  "userfields": [
    "first",
    "last"
  ]
}
