{
  "values_data_1": [
    "two",
    "one"
  ],
  "values_data_2": [
    "first",
    "second"
  ],
  "values_data_3": [
    "a",
    "b"
  ]
}
