{
  "arr_v": [
    "a",
    "1",
    "2",
    "5.30",
    "true"
  ]
}
