{
  "join_a": "b:c:a",
  "join_b": "100:9:10",
  "join_c": "",
  "join_d": ":a::b",
  "join_e": "a:1:b",
  "join_f": "100:200:300",
  "join_g": "1.11:-2.22:-3.33",
  "join_h": "-10:0:200",
  "join_i": "1:2::3000:",
  "join_j": "1:2:true:false",
  "join_k": "",
  "join_l": "100:200",
  "join_m": "cf_null",
  "join_n": "a:b:c:cf_null",
  "join_o": "b:c:a",
  "join_p": "cf_null",
  "join_q": ":::",
  "join_r": ":",
  "join_s": "::cf_null",
  "join_t": "a:b:c:cf_null:cf_null:a:b:c:cf_null::",
  "lists": [
    "a",
    "b",
    "c",
    "d",
    "e",
    "f",
    "g",
    "h",
    "i",
    "j",
    "k",
    "l",
    "m",
    "n",
    "o",
    "p",
    "q",
    "r",
    "s",
    "t"
  ]
}
