{
  "explicit_env": {
    "A": "B",
    "C": "D",
    "E": "F\"G",
    "EMPTY": "",
    "J": "\"",
    "K": "\\\"",
    "L": "",
    "M": "\\",
    "N": "\"",
    "OVERRIDE": "new",
    "SPACE": " ",
    "x": "y"
  }
}
