{
  "inline": [
    "r",
    "p",
    "q"
  ],
  "sa": [
    "a",
    "b",
    "c"
  ],
  "sb": []
}
