{
  "IP_sorted_a": [
    "a",
    "b",
    "c"
  ],
  "IP_sorted_b": [
    "10",
    "100",
    "9"
  ],
  "IP_sorted_c": [],
  "IP_sorted_d": [
    "",
    "",
    "a",
    "b"
  ],
  "IP_sorted_e": [
    "1",
    "a",
    "b"
  ],
  "IP_sorted_f": [
    "0",
    "0.1",
    "100.0",
    "3.2"
  ],
  "IP_sorted_g": [
    "",
    "-2.1",
    "0.88",
    "00.88",
    "b"
  ],
  "IP_sorted_ip": [
    "",
    "-1",
    "9",
    "9.7",
    "9.7.5",
    "where are the IP addresses?",
    "1.2.3.4",
    "9.7.5.1",
    "100.200.100.0"
  ],
  "IP_sorted_ipv6": [
    "-1",
    "2001:0000:4136:e378:",
    "2001:DB8:0:0:1::1",
    "8000:63bf:3fff:fdd2",
    "8000:63bf:3fff:fdd2",
    "::ffff:192.0.2.47",
    "FE80:0000:0000:0000:0202:B3FF:FE1E:8329",
    "FE80::0202:B3FF:FE1E:8329",
    "where are the IP addresses?",
    "::1",
    "2001:0002:6c::430",
    "2001:10:240:ab::a",
    "2001:db8:0000:0:1::1",
    "2001:db8:0:0:1::1",
    "2001:0db8::1:0:0:1",
    "2001:db8::0:1:0:0:1",
    "2001:db8::1:0:0:1",
    "2001:0db8:0:0:1:0:0:1",
    "2001:db8:0:0:1:0:0:1",
    "2001:db8:8:4::2",
    "2002:cb0a:3cdd:1::1",
    "fdf8:f53b:82e4::53",
    "fe80::200:5aee:feaa:20a2",
    "ff01:0:0:0:0:0:0:2"
  ],
  "IP_sorted_mac": [
    "-1",
    "00:014:BF:0F7:23:01D",
    "00:014:BF:0F7:23:01D",
    "00:14:BF:F7:23:1D",
    "00:14:BF:F7:23:1D",
    "01:14:BF:F7:23:1D",
    "01:14:BF:F7:23:2D",
    "0:14:BF:F7:23:1D",
    "0:14:BF:F7:23:1D",
    "1:14:BF:F7:23:1D",
    "1:14:BF:F7:23:2D",
    ":14:BF:F7:23:1D",
    ":14:BF:F7:23:1D",
    "where are the MAC addresses?"
  ],
  "MAC_sorted_a": [
    "a",
    "b",
    "c"
  ],
  "MAC_sorted_b": [
    "10",
    "100",
    "9"
  ],
  "MAC_sorted_c": [],
  "MAC_sorted_d": [
    "",
    "",
    "a",
    "b"
  ],
  "MAC_sorted_e": [
    "1",
    "a",
    "b"
  ],
  "MAC_sorted_f": [
    "0",
    "0.1",
    "100.0",
    "3.2"
  ],
  "MAC_sorted_g": [
    "",
    "-2.1",
    "0.88",
    "00.88",
    "b"
  ],
  "MAC_sorted_ip": [
    "",
    "-1",
    "1.2.3.4",
    "100.200.100.0",
    "9",
    "9.7",
    "9.7.5",
    "9.7.5.1",
    "where are the IP addresses?"
  ],
  "MAC_sorted_ipv6": [
    "-1",
    "2001:0000:4136:e378:",
    "2001:0002:6c::430",
    "2001:0db8::1:0:0:1",
    "2001:10:240:ab::a",
    "2001:DB8:0:0:1::1",
    "2001:db8:0000:0:1::1",
    "2001:db8:0:0:1::1",
    "2001:db8:8:4::2",
    "2001:db8::0:1:0:0:1",
    "2001:db8::1:0:0:1",
    "2002:cb0a:3cdd:1::1",
    "8000:63bf:3fff:fdd2",
    "8000:63bf:3fff:fdd2",
    "::1",
    "::ffff:192.0.2.47",
    "FE80::0202:B3FF:FE1E:8329",
    "fdf8:f53b:82e4::53",
    "fe80::200:5aee:feaa:20a2",
    "where are the IP addresses?",
    "ff01:0:0:0:0:0:0:2",
    "2001:0db8:0:0:1:0:0:1",
    "2001:db8:0:0:1:0:0:1",
    "FE80:0000:0000:0000:0202:B3FF:FE1E:8329"
  ],
  "MAC_sorted_mac": [
    "-1",
    ":14:BF:F7:23:1D",
    ":14:BF:F7:23:1D",
    "where are the MAC addresses?",
    "00:014:BF:0F7:23:01D",
    "0:14:BF:F7:23:1D",
    "00:14:BF:F7:23:1D",
    "00:014:BF:0F7:23:01D",
    "0:14:BF:F7:23:1D",
    "00:14:BF:F7:23:1D",
    "1:14:BF:F7:23:1D",
    "01:14:BF:F7:23:1D",
    "1:14:BF:F7:23:2D",
    "01:14:BF:F7:23:2D"
  ],
  "inline_IP_sorted": [
    "10",
    "100",
    "9",
    "a",
    "b",
    "c"
  ],
  "inline_MAC_sorted": [
    "10",
    "100",
    "9",
    "a",
    "b",
    "c"
  ],
  "inline_int_sorted": [
    "a",
    "b",
    "c",
    "9",
    "10",
    "100"
  ],
  "inline_lex_sorted": [
    "10",
    "100",
    "9",
    "a",
    "b",
    "c"
  ],
  "inline_real_sorted": [
    "a",
    "b",
    "c",
    "9",
    "10",
    "100"
  ],
  "int_sorted_a": [
    "a",
    "b",
    "c"
  ],
  "int_sorted_b": [
    "9",
    "10",
    "100"
  ],
  "int_sorted_c": [],
  "int_sorted_d": [
    "",
    "",
    "a",
    "b"
  ],
  "int_sorted_e": [
    "a",
    "b",
    "1"
  ],
  "int_sorted_f": [
    "0.1",
    "0",
    "3.2",
    "100.0"
  ],
  "int_sorted_g": [
    "",
    "b",
    "-2.1",
    "00.88",
    "0.88"
  ],
  "int_sorted_ip": [
    "",
    "where are the IP addresses?",
    "-1",
    "1.2.3.4",
    "9.7.5",
    "9.7",
    "9",
    "9.7.5.1",
    "100.200.100.0"
  ],
  "int_sorted_ipv6": [
    "::1",
    "::ffff:192.0.2.47",
    "FE80:0000:0000:0000:0202:B3FF:FE1E:8329",
    "FE80::0202:B3FF:FE1E:8329",
    "fdf8:f53b:82e4::53",
    "fe80::200:5aee:feaa:20a2",
    "ff01:0:0:0:0:0:0:2",
    "where are the IP addresses?",
    "-1",
    "2001:db8:8:4::2",
    "2001:10:240:ab::a",
    "2001:0002:6c::430",
    "2001:0000:4136:e378:",
    "2001:DB8:0:0:1::1",
    "2001:db8:0000:0:1::1",
    "2001:db8:0:0:1::1",
    "2001:0db8::1:0:0:1",
    "2001:db8::0:1:0:0:1",
    "2001:db8::1:0:0:1",
    "2001:0db8:0:0:1:0:0:1",
    "2001:db8:0:0:1:0:0:1",
    "2002:cb0a:3cdd:1::1",
    "8000:63bf:3fff:fdd2",
    "8000:63bf:3fff:fdd2"
  ],
  "int_sorted_mac": [
    ":14:BF:F7:23:1D",
    ":14:BF:F7:23:1D",
    "where are the MAC addresses?",
    "-1",
    "00:014:BF:0F7:23:01D",
    "0:14:BF:F7:23:1D",
    "00:14:BF:F7:23:1D",
    "00:014:BF:0F7:23:01D",
    "0:14:BF:F7:23:1D",
    "00:14:BF:F7:23:1D",
    "1:14:BF:F7:23:2D",
    "01:14:BF:F7:23:2D",
    "1:14:BF:F7:23:1D",
    "01:14:BF:F7:23:1D"
  ],
  "lex_sorted_a": [
    "a",
    "b",
    "c"
  ],
  "lex_sorted_b": [
    "10",
    "100",
    "9"
  ],
  "lex_sorted_c": [],
  "lex_sorted_d": [
    "",
    "",
    "a",
    "b"
  ],
  "lex_sorted_e": [
    "1",
    "a",
    "b"
  ],
  "lex_sorted_f": [
    "0",
    "0.1",
    "100.0",
    "3.2"
  ],
  "lex_sorted_g": [
    "",
    "-2.1",
    "0.88",
    "00.88",
    "b"
  ],
  "lex_sorted_ip": [
    "",
    "-1",
    "1.2.3.4",
    "100.200.100.0",
    "9",
    "9.7",
    "9.7.5",
    "9.7.5.1",
    "where are the IP addresses?"
  ],
  "lex_sorted_ipv6": [
    "-1",
    "2001:0000:4136:e378:",
    "2001:0002:6c::430",
    "2001:0db8:0:0:1:0:0:1",
    "2001:0db8::1:0:0:1",
    "2001:10:240:ab::a",
    "2001:DB8:0:0:1::1",
    "2001:db8:0000:0:1::1",
    "2001:db8:0:0:1:0:0:1",
    "2001:db8:0:0:1::1",
    "2001:db8:8:4::2",
    "2001:db8::0:1:0:0:1",
    "2001:db8::1:0:0:1",
    "2002:cb0a:3cdd:1::1",
    "8000:63bf:3fff:fdd2",
    "8000:63bf:3fff:fdd2",
    "::1",
    "::ffff:192.0.2.47",
    "FE80:0000:0000:0000:0202:B3FF:FE1E:8329",
    "FE80::0202:B3FF:FE1E:8329",
    "fdf8:f53b:82e4::53",
    "fe80::200:5aee:feaa:20a2",
    "ff01:0:0:0:0:0:0:2",
    "where are the IP addresses?"
  ],
  "lex_sorted_mac": [
    "-1",
    "00:014:BF:0F7:23:01D",
    "00:014:BF:0F7:23:01D",
    "00:14:BF:F7:23:1D",
    "00:14:BF:F7:23:1D",
    "01:14:BF:F7:23:1D",
    "01:14:BF:F7:23:2D",
    "0:14:BF:F7:23:1D",
    "0:14:BF:F7:23:1D",
    "1:14:BF:F7:23:1D",
    "1:14:BF:F7:23:2D",
    ":14:BF:F7:23:1D",
    ":14:BF:F7:23:1D",
    "where are the MAC addresses?"
  ],
  "real_sorted_a": [
    "a",
    "b",
    "c"
  ],
  "real_sorted_b": [
    "9",
    "10",
    "100"
  ],
  "real_sorted_c": [],
  "real_sorted_d": [
    "",
    "",
    "a",
    "b"
  ],
  "real_sorted_e": [
    "a",
    "b",
    "1"
  ],
  "real_sorted_f": [
    "0",
    "0.1",
    "3.2",
    "100.0"
  ],
  "real_sorted_g": [
    "",
    "b",
    "-2.1",
    "00.88",
    "0.88"
  ],
  "real_sorted_ip": [
    "",
    "where are the IP addresses?",
    "-1",
    "1.2.3.4",
    "9",
    "9.7.5",
    "9.7",
    "9.7.5.1",
    "100.200.100.0"
  ],
  "real_sorted_ipv6": [
    "::1",
    "::ffff:192.0.2.47",
    "FE80:0000:0000:0000:0202:B3FF:FE1E:8329",
    "FE80::0202:B3FF:FE1E:8329",
    "fdf8:f53b:82e4::53",
    "fe80::200:5aee:feaa:20a2",
    "ff01:0:0:0:0:0:0:2",
    "where are the IP addresses?",
    "-1",
    "2001:db8:8:4::2",
    "2001:10:240:ab::a",
    "2001:0002:6c::430",
    "2001:0000:4136:e378:",
    "2001:DB8:0:0:1::1",
    "2001:db8:0000:0:1::1",
    "2001:db8:0:0:1::1",
    "2001:0db8::1:0:0:1",
    "2001:db8::0:1:0:0:1",
    "2001:db8::1:0:0:1",
    "2001:0db8:0:0:1:0:0:1",
    "2001:db8:0:0:1:0:0:1",
    "2002:cb0a:3cdd:1::1",
    "8000:63bf:3fff:fdd2",
    "8000:63bf:3fff:fdd2"
  ],
  "real_sorted_mac": [
    ":14:BF:F7:23:1D",
    ":14:BF:F7:23:1D",
    "where are the MAC addresses?",
    "-1",
    "00:014:BF:0F7:23:01D",
    "0:14:BF:F7:23:1D",
    "00:14:BF:F7:23:1D",
    "00:014:BF:0F7:23:01D",
    "0:14:BF:F7:23:1D",
    "00:14:BF:F7:23:1D",
    "1:14:BF:F7:23:2D",
    "01:14:BF:F7:23:2D",
    "1:14:BF:F7:23:1D",
    "01:14:BF:F7:23:1D"
  ],
  "sort": [
    "lex",
    "int",
    "real",
    "IP",
    "MAC"
  ],
  "sorted_a": [
    "a",
    "b",
    "c"
  ],
  "sorted_b": [
    "10",
    "100",
    "9"
  ],
  "sorted_c": [],
  "sorted_d": [
    "",
    "",
    "a",
    "b"
  ],
  "sorted_e": [
    "1",
    "a",
    "b"
  ],
  "sorted_f": [
    "0",
    "0.1",
    "100.0",
    "3.2"
  ],
  "sorted_g": [
    "",
    "-2.1",
    "0.88",
    "00.88",
    "b"
  ],
  "sorted_ip": [
    "",
    "-1",
    "1.2.3.4",
    "100.200.100.0",
    "9",
    "9.7",
    "9.7.5",
    "9.7.5.1",
    "where are the IP addresses?"
  ],
  "sorted_ipv6": [
    "-1",
    "2001:0000:4136:e378:",
    "2001:0002:6c::430",
    "2001:0db8:0:0:1:0:0:1",
    "2001:0db8::1:0:0:1",
    "2001:10:240:ab::a",
    "2001:DB8:0:0:1::1",
    "2001:db8:0000:0:1::1",
    "2001:db8:0:0:1:0:0:1",
    "2001:db8:0:0:1::1",
    "2001:db8:8:4::2",
    "2001:db8::0:1:0:0:1",
    "2001:db8::1:0:0:1",
    "2002:cb0a:3cdd:1::1",
    "8000:63bf:3fff:fdd2",
    "8000:63bf:3fff:fdd2",
    "::1",
    "::ffff:192.0.2.47",
    "FE80:0000:0000:0000:0202:B3FF:FE1E:8329",
    "FE80::0202:B3FF:FE1E:8329",
    "fdf8:f53b:82e4::53",
    "fe80::200:5aee:feaa:20a2",
    "ff01:0:0:0:0:0:0:2",
    "where are the IP addresses?"
  ],
  "sorted_mac": [
    "-1",
    "00:014:BF:0F7:23:01D",
    "00:014:BF:0F7:23:01D",
    "00:14:BF:F7:23:1D",
    "00:14:BF:F7:23:1D",
    "01:14:BF:F7:23:1D",
    "01:14:BF:F7:23:2D",
    "0:14:BF:F7:23:1D",
    "0:14:BF:F7:23:1D",
    "1:14:BF:F7:23:1D",
    "1:14:BF:F7:23:2D",
    ":14:BF:F7:23:1D",
    ":14:BF:F7:23:1D",
    "where are the MAC addresses?"
  ],
  "test": [
    "a",
    "b",
    "c",
    "d",
    "e",
    "f",
    "g",
    "ip",
    "ipv6",
    "mac"
  ]
}
