{
  "abcd1": "abcd",
  "abcd2": "abcd",
  "abcd3": "abcd",
  "abcd4": "abcd",
  "abcd5": "abcd",
  "abcd6": "abcd",
  "abcd7": "abcd",
  "abcd_abcd": "abcd    abcd",
  "empty1": "",
  "empty2": "",
  "empty3": ""
}
