{
  "valid_json": "should appear",
  "valid_validjson": "should appear"
}
