{
  "false_a": "!any",
  "false_b": "!any",
  "false_c": "!any",
  "false_d": "!any",
  "false_e": "!any",
  "false_f": "!any",
  "false_g": "!any",
  "false_h": "!any",
  "false_i": "!any",
  "false_j": "!any",
  "false_k": "!any",
  "false_l": "!any",
  "false_m": "!any",
  "false_n": "!any",
  "false_o": "!any",
  "false_p": "!any",
  "false_q": "!any",
  "false_r": "!any",
  "false_s": "!any",
  "false_t": "!any",
  "true_a": "any",
  "true_b": "any",
  "true_c": "any",
  "true_d": "any",
  "true_e": "any",
  "true_f": "any",
  "true_g": "any",
  "true_h": "any",
  "true_i": "any",
  "true_j": "any",
  "true_k": "any",
  "true_l": "any",
  "true_m": "any",
  "true_n": "any",
  "true_o": "any",
  "true_p": "any",
  "true_q": "any",
  "true_r": "any",
  "true_s": "any",
  "true_t": "any"
}
