{
  "bad_count": "0",
  "found_copy_me": "1",
  "ok_0_count": "1",
  "ok_1_count": "6",
  "ok_2_count": "4",
  "ok_3_count": "6",
  "ok_4_count": "4",
  "todo": [
    "0",
    "1",
    "2",
    "3",
    "4"
  ]
}
