    info: files promise '/tmp/TEST.cfengine' repaired, rename => newname
    info: Renamed file '/tmp/TEST.cfengine' to 'TEST.foobar'
