Connected & authenticated successfully to '127.0.0.1:15000'
