{
  "clean": "",
  "iter": [
    "1",
    "2",
    "3"
  ],
  "iter_canon_1": "iter = 1",
  "iter_canon_2": "iter = 2",
  "iter_canon_3": "iter = 3",
  "my_name_is_canonified": "",
  "promiser_addition": ""
}
